 Alicia-D-SDK:INFO] 初始化串口通信模块: 端口=COM1, 波特率=1000000
 Alicia-D-SDK:INFO] 调试模式: 禁用
 Alicia-D-SDK:INFO] 初始化数据解析模块
 Alicia-D-SDK:INFO] 初始化机械臂控制模块
 Alicia-D-SDK:INFO] 调试模式: 禁用
 Alicia-D-SDK:INFO] 找到 3 个串口设备: COM3 COM1 COM4
 Alicia-D-SDK:INFO] 使用指定的端口: COM1
 Alicia-D-SDK:INFO] 正在连接端口: COM1
 Alicia-D-SDK:INFO] 串口连接成功
 Alicia-D-SDK:INFO] 状态更新线程开始运行
 Alicia-D-SDK:INFO] 状态更新线程已启动
 Alicia-D-SDK:INFO] 等待目标位置
 Alicia-D-SDK:WARNING] left_arm 夹爪运动完成超时
 Alicia-D-SDK:WARNING] right_arm 夹爪运动完成超时
 Alicia-D-SDK:WARNING] move_joints_deg: 当前未获取到 right_arm 有效角度，直接发送目标
 Alicia-D-SDK:INFO] 等待目标位置
 Alicia-D-SDK:WARNING] 等待目标位置超时
 Alicia-D-SDK:WARNING] move_joints_deg: 当前未获取到 left_arm 有效角度，直接发送目标
 Alicia-D-SDK:INFO] 等待目标位置
 Alicia-D-SDK:INFO] 等待目标位置
 Alicia-D-SDK:WARNING] 等待目标位置超时
 Alicia-D-SDK:WARNING] left_arm 夹爪运动完成超时
 Alicia-D-SDK:WARNING] right_arm 夹爪运动完成超时
 Alicia-D-SDK:INFO] 状态更新线程结束
 Alicia-D-SDK:INFO] 状态更新线程已停止
 Alicia-D-SDK:INFO] 串口已关闭
